// Jest Snapshot v1, https://goo.gl/fbAQLP

exports[`ArticleList Render Correctly 1`] = `<div />`;
